
.\\gradlew : 
At line:1 char:1
+ .\\gradlew assembleDebug > 
build_output.txt 2>&1
+ ~~~~~~~~~~~~~~~~~~~~~~~~~~~
~~~~~~~~~~~~~~~~~~~~~
    + CategoryInfo           
   : NotSpecified: (:String  
  ) [], RemoteException
    + FullyQualifiedErrorId  
   : NativeCommandError
 
[Incubating] Problems report is available at: file:///C:/Users/pc/projectw/apps-android-commons/build/reports/problems/problems-report.html
FAILURE: Build failed with 
an exception.

* Where:
Build file 'C:\Users\pc\proje
ctw\apps-android-commons\app\
build.gradle.kts' line: 396

* What went wrong:
C:\Users\pc\projectw\apps-and
roid-commons\local.properties
 (The system cannot find the 
file specified)

* Try:
> Run with --stacktrace 
option to get the stack 
trace.
> Run with --info or --debug 
option to get more log 
output.
> Run with --scan to get 
full insights.
> Get more help at 
https://help.gradle.org.

Deprecated Gradle features were used in this build, making it incompatible with Gradle 9.0.

You can use '--warning-mode all' to show the individual deprecation warnings and determine if they come from your own scripts or plugins.

For more on this, please refer to https://docs.gradle.org/8.13/userguide/command_line_interface.html#sec:command_line_warnings in the Gradle documentation.

BUILD FAILED in 3s
